------------------------------------------------------------
Timing Analyzer Summary
------------------------------------------------------------

Type  : Slow 1100mV 85C Model Setup 'alu_cont[0]'
Slack : -5.894
TNS   : -103.769

Type  : Slow 1100mV 85C Model Setup 'clk'
Slack : -1.811
TNS   : -21.520

Type  : Slow 1100mV 85C Model Hold 'clk'
Slack : -1.336
TNS   : -7.463

Type  : Slow 1100mV 85C Model Hold 'alu_cont[0]'
Slack : 1.088
TNS   : 0.000

Type  : Slow 1100mV 85C Model Minimum Pulse Width 'clk'
Slack : -0.394
TNS   : -16.940

Type  : Slow 1100mV 85C Model Minimum Pulse Width 'alu_cont[0]'
Slack : 0.147
TNS   : 0.000

Type  : Slow 1100mV 0C Model Setup 'alu_cont[0]'
Slack : -5.960
TNS   : -107.012

Type  : Slow 1100mV 0C Model Setup 'clk'
Slack : -1.567
TNS   : -19.077

Type  : Slow 1100mV 0C Model Hold 'clk'
Slack : -1.493
TNS   : -8.788

Type  : Slow 1100mV 0C Model Hold 'alu_cont[0]'
Slack : 1.090
TNS   : 0.000

Type  : Slow 1100mV 0C Model Minimum Pulse Width 'clk'
Slack : -0.394
TNS   : -18.284

Type  : Slow 1100mV 0C Model Minimum Pulse Width 'alu_cont[0]'
Slack : 0.130
TNS   : 0.000

Type  : Fast 1100mV 85C Model Setup 'alu_cont[0]'
Slack : -2.905
TNS   : -49.863

Type  : Fast 1100mV 85C Model Setup 'clk'
Slack : -0.857
TNS   : -6.829

Type  : Fast 1100mV 85C Model Hold 'clk'
Slack : -0.803
TNS   : -4.585

Type  : Fast 1100mV 85C Model Hold 'alu_cont[0]'
Slack : 0.587
TNS   : 0.000

Type  : Fast 1100mV 85C Model Minimum Pulse Width 'alu_cont[0]'
Slack : -0.084
TNS   : -2.066

Type  : Fast 1100mV 85C Model Minimum Pulse Width 'clk'
Slack : -0.082
TNS   : -2.502

Type  : Fast 1100mV 0C Model Setup 'alu_cont[0]'
Slack : -2.639
TNS   : -45.552

Type  : Fast 1100mV 0C Model Setup 'clk'
Slack : -0.640
TNS   : -4.688

Type  : Fast 1100mV 0C Model Hold 'clk'
Slack : -0.806
TNS   : -4.772

Type  : Fast 1100mV 0C Model Hold 'alu_cont[0]'
Slack : 0.533
TNS   : 0.000

Type  : Fast 1100mV 0C Model Minimum Pulse Width 'alu_cont[0]'
Slack : -0.084
TNS   : -1.808

Type  : Fast 1100mV 0C Model Minimum Pulse Width 'clk'
Slack : -0.079
TNS   : -2.470

------------------------------------------------------------
